// Jest Snapshot v1, https://goo.gl/fbAQLP

exports[`should render ExpenseList with empty message 1`] = `
<div>
  <p>
    No Expenses
  </p>
</div>
`;

exports[`should render ExpenseList with expenses 1`] = `
<div>
  <ExpenseItem
    amount={30}
    createdAt={0}
    description="Mario Bros"
    id="1"
    key="1"
    note=""
  />
  <ExpenseItem
    amount={40}
    createdAt={-345600000}
    description="Battletoads"
    id="2"
    key="2"
    note=""
  />
  <ExpenseItem
    amount={60}
    createdAt={345600000}
    description="Metroid"
    id="3"
    key="3"
    note=""
  />
</div>
`;
